<?php return array (
  0 => 'Symfony\\Bundle\\FrameworkBundle\\Controller\\AbstractController',
  1 => 'App\\Controller\\AbonnementController',
  2 => 'App\\Controller\\CalendrierController',
  3 => 'App\\Controller\\CategorieEventController',
  4 => 'App\\Controller\\CategorieProdController',
  5 => 'App\\Controller\\EvenementController',
  6 => 'App\\Controller\\FactureController',
  7 => 'App\\Controller\\FrontController',
  8 => 'App\\Controller\\ProduitController',
  9 => 'App\\Controller\\ProduitMobileController',
  10 => 'App\\Controller\\ReclamationsController',
  11 => 'App\\Controller\\RegistrationController',
  12 => 'App\\Controller\\Reservation2Controller',
  13 => 'App\\Controller\\ReservationController',
  14 => 'App\\Controller\\SecurityController',
  15 => 'App\\Controller\\TransportController',
  16 => 'App\\Controller\\UsersController',
  17 => 'App\\Controller\\UsersMobileController',
  18 => 'App\\Controller\\VehiculeController',
  19 => 'App\\Entity\\Abonnement',
  20 => 'App\\Entity\\CategorieEvent',
  21 => 'App\\Entity\\CategorieProd',
  22 => 'App\\Entity\\Evenement',
  23 => 'App\\Entity\\Facture',
  24 => 'App\\Entity\\ProdLike',
  25 => 'App\\Entity\\Produit',
  26 => 'App\\Entity\\Reclamations',
  27 => 'App\\Entity\\Reservation',
  28 => 'App\\Entity\\Reservation2',
  29 => 'App\\Entity\\Transport',
  30 => 'App\\Entity\\Users',
  31 => 'App\\Entity\\Vehicule',
  32 => 'Doctrine\\Bundle\\DoctrineBundle\\Controller\\ProfilerController',
  33 => 'Doctrine\\ORM\\Cache\\Persister\\Entity\\AbstractEntityPersister',
  34 => 'Doctrine\\ORM\\Cache\\Persister\\Entity\\CachedEntityPersister',
  35 => 'Doctrine\\ORM\\Cache\\Persister\\Entity\\NonStrictReadWriteCachedEntityPersister',
  36 => 'Doctrine\\ORM\\Cache\\Persister\\Entity\\ReadOnlyCachedEntityPersister',
  37 => 'Doctrine\\ORM\\Cache\\Persister\\Entity\\ReadWriteCachedEntityPersister',
  38 => 'Doctrine\\ORM\\Persisters\\Entity\\AbstractEntityInheritancePersister',
  39 => 'Doctrine\\ORM\\Persisters\\Entity\\BasicEntityPersister',
  40 => 'Doctrine\\ORM\\Persisters\\Entity\\CachedPersisterContext',
  41 => 'Doctrine\\ORM\\Persisters\\Entity\\EntityPersister',
  42 => 'Doctrine\\ORM\\Persisters\\Entity\\JoinedSubclassPersister',
  43 => 'Doctrine\\ORM\\Persisters\\Entity\\SingleTablePersister',
  44 => 'Endroid\\QrCodeBundle\\Controller\\GenerateController',
  45 => 'Gregwar\\CaptchaBundle\\Controller\\CaptchaController',
  47 => 'Symfony\\Bundle\\FrameworkBundle\\Controller\\ControllerResolver',
  48 => 'Symfony\\Bundle\\FrameworkBundle\\Controller\\RedirectController',
  49 => 'Symfony\\Bundle\\FrameworkBundle\\Controller\\TemplateController',
  50 => 'Symfony\\Component\\HttpKernel\\Controller\\ArgumentResolver',
  51 => 'Symfony\\Component\\HttpKernel\\Controller\\ArgumentResolverInterface',
  52 => 'Symfony\\Component\\HttpKernel\\Controller\\ArgumentResolver\\DefaultValueResolver',
  53 => 'Symfony\\Component\\HttpKernel\\Controller\\ArgumentResolver\\NotTaggedControllerValueResolver',
  54 => 'Symfony\\Component\\HttpKernel\\Controller\\ArgumentResolver\\RequestAttributeValueResolver',
  55 => 'Symfony\\Component\\HttpKernel\\Controller\\ArgumentResolver\\RequestValueResolver',
  56 => 'Symfony\\Component\\HttpKernel\\Controller\\ArgumentResolver\\ServiceValueResolver',
  57 => 'Symfony\\Component\\HttpKernel\\Controller\\ArgumentResolver\\SessionValueResolver',
  58 => 'Symfony\\Component\\HttpKernel\\Controller\\ArgumentResolver\\TraceableValueResolver',
  59 => 'Symfony\\Component\\HttpKernel\\Controller\\ArgumentResolver\\VariadicValueResolver',
  60 => 'Symfony\\Component\\HttpKernel\\Controller\\ArgumentValueResolverInterface',
  61 => 'Symfony\\Component\\HttpKernel\\Controller\\ContainerControllerResolver',
  62 => 'Symfony\\Component\\HttpKernel\\Controller\\ControllerReference',
  63 => 'Symfony\\Component\\HttpKernel\\Controller\\ControllerResolver',
  64 => 'Symfony\\Component\\HttpKernel\\Controller\\ControllerResolverInterface',
  65 => 'Symfony\\Component\\HttpKernel\\Controller\\ErrorController',
  66 => 'Symfony\\Component\\HttpKernel\\Controller\\TraceableArgumentResolver',
  67 => 'Symfony\\Component\\HttpKernel\\Controller\\TraceableControllerResolver',
  68 => 'Symfony\\Component\\Security\\Http\\Controller\\UserValueResolver',
  69 => 'Twilio\\Rest\\Verify\\V2\\Service\\Entity\\ChallengeContext',
  70 => 'Twilio\\Rest\\Verify\\V2\\Service\\Entity\\ChallengeInstance',
  71 => 'Twilio\\Rest\\Verify\\V2\\Service\\Entity\\ChallengeList',
  72 => 'Twilio\\Rest\\Verify\\V2\\Service\\Entity\\ChallengeOptions',
  73 => 'Twilio\\Rest\\Verify\\V2\\Service\\Entity\\ChallengePage',
  74 => 'Twilio\\Rest\\Verify\\V2\\Service\\Entity\\Challenge\\NotificationInstance',
  75 => 'Twilio\\Rest\\Verify\\V2\\Service\\Entity\\Challenge\\NotificationList',
  76 => 'Twilio\\Rest\\Verify\\V2\\Service\\Entity\\Challenge\\NotificationOptions',
  77 => 'Twilio\\Rest\\Verify\\V2\\Service\\Entity\\Challenge\\NotificationPage',
  78 => 'Twilio\\Rest\\Verify\\V2\\Service\\Entity\\FactorContext',
  79 => 'Twilio\\Rest\\Verify\\V2\\Service\\Entity\\FactorInstance',
  80 => 'Twilio\\Rest\\Verify\\V2\\Service\\Entity\\FactorList',
  81 => 'Twilio\\Rest\\Verify\\V2\\Service\\Entity\\FactorOptions',
  82 => 'Twilio\\Rest\\Verify\\V2\\Service\\Entity\\FactorPage',
  83 => 'Twilio\\Rest\\Verify\\V2\\Service\\Entity\\NewFactorInstance',
  84 => 'Twilio\\Rest\\Verify\\V2\\Service\\Entity\\NewFactorList',
  85 => 'Twilio\\Rest\\Verify\\V2\\Service\\Entity\\NewFactorOptions',
  86 => 'Twilio\\Rest\\Verify\\V2\\Service\\Entity\\NewFactorPage',
);